mode: set
github.com/markoxley/lighthouse/log/log.go:21.36,22.12 1 1
github.com/markoxley/lighthouse/log/log.go:23.21,24.17 1 1
github.com/markoxley/lighthouse/log/log.go:25.20,26.16 1 1
github.com/markoxley/lighthouse/log/log.go:27.20,28.16 1 1
github.com/markoxley/lighthouse/log/log.go:29.21,30.17 1 1
github.com/markoxley/lighthouse/log/log.go:31.21,32.17 1 1
github.com/markoxley/lighthouse/log/log.go:33.21,34.17 1 1
github.com/markoxley/lighthouse/log/log.go:35.10,36.19 1 1
github.com/markoxley/lighthouse/log/log.go:77.53,81.18 4 1
github.com/markoxley/lighthouse/log/log.go:81.18,83.17 2 1
github.com/markoxley/lighthouse/log/log.go:83.17,85.4 1 1
github.com/markoxley/lighthouse/log/log.go:85.9,87.4 1 1
github.com/markoxley/lighthouse/log/log.go:89.2,89.25 1 1
github.com/markoxley/lighthouse/log/log.go:89.25,90.30 1 1
github.com/markoxley/lighthouse/log/log.go:90.30,92.9 2 1
github.com/markoxley/lighthouse/log/log.go:95.2,96.20 2 1
github.com/markoxley/lighthouse/log/log.go:99.13,108.12 6 1
github.com/markoxley/lighthouse/log/log.go:108.12,112.3 3 1
github.com/markoxley/lighthouse/log/log.go:113.2,113.27 1 1
github.com/markoxley/lighthouse/log/log.go:116.31,120.2 3 1
github.com/markoxley/lighthouse/log/log.go:122.33,126.2 3 1
github.com/markoxley/lighthouse/log/log.go:128.67,129.15 1 1
github.com/markoxley/lighthouse/log/log.go:129.15,131.3 1 1
github.com/markoxley/lighthouse/log/log.go:132.2,136.20 5 1
github.com/markoxley/lighthouse/log/log.go:136.20,138.3 1 1
github.com/markoxley/lighthouse/log/log.go:139.2,141.16 3 1
github.com/markoxley/lighthouse/log/log.go:141.16,143.3 1 1
github.com/markoxley/lighthouse/log/log.go:144.2,145.16 2 1
github.com/markoxley/lighthouse/log/log.go:145.16,147.3 1 1
github.com/markoxley/lighthouse/log/log.go:148.2,149.16 2 1
github.com/markoxley/lighthouse/log/log.go:149.16,151.3 1 0
github.com/markoxley/lighthouse/log/log.go:152.2,153.12 2 1
github.com/markoxley/lighthouse/log/log.go:156.34,158.31 2 1
github.com/markoxley/lighthouse/log/log.go:158.31,160.36 2 1
github.com/markoxley/lighthouse/log/log.go:160.36,162.4 1 1
github.com/markoxley/lighthouse/log/log.go:163.3,163.36 1 1
github.com/markoxley/lighthouse/log/log.go:163.36,164.25 1 0
github.com/markoxley/lighthouse/log/log.go:169.96,172.24 3 1
github.com/markoxley/lighthouse/log/log.go:172.24,174.3 1 1
github.com/markoxley/lighthouse/log/log.go:175.2,176.39 2 1
github.com/markoxley/lighthouse/log/log.go:176.39,178.3 1 1
github.com/markoxley/lighthouse/log/log.go:179.2,180.22 2 1
github.com/markoxley/lighthouse/log/log.go:180.22,182.3 1 1
github.com/markoxley/lighthouse/log/log.go:183.2,183.41 1 1
github.com/markoxley/lighthouse/log/log.go:183.41,186.3 2 1
github.com/markoxley/lighthouse/log/log.go:189.84,190.20 1 1
github.com/markoxley/lighthouse/log/log.go:190.20,192.3 1 1
github.com/markoxley/lighthouse/log/log.go:193.2,197.28 5 1
github.com/markoxley/lighthouse/log/log.go:197.28,198.26 1 1
github.com/markoxley/lighthouse/log/log.go:198.26,200.12 2 1
github.com/markoxley/lighthouse/log/log.go:202.3,202.35 1 1
github.com/markoxley/lighthouse/log/log.go:202.35,205.12 3 1
github.com/markoxley/lighthouse/log/log.go:207.3,207.34 1 1
github.com/markoxley/lighthouse/log/log.go:207.34,211.12 4 1
github.com/markoxley/lighthouse/log/log.go:213.3,213.12 1 1
github.com/markoxley/lighthouse/log/log.go:213.12,215.4 1 1
github.com/markoxley/lighthouse/log/log.go:216.3,216.16 1 1
github.com/markoxley/lighthouse/log/log.go:218.2,219.25 2 1
github.com/markoxley/lighthouse/log/log.go:219.25,220.37 1 1
github.com/markoxley/lighthouse/log/log.go:220.37,222.12 1 1
github.com/markoxley/lighthouse/log/log.go:224.3,224.20 1 1
github.com/markoxley/lighthouse/log/log.go:224.20,226.4 1 1
github.com/markoxley/lighthouse/log/log.go:226.9,228.4 1 1
github.com/markoxley/lighthouse/log/log.go:230.2,230.25 1 1
github.com/markoxley/lighthouse/log/log.go:230.25,232.3 1 1
github.com/markoxley/lighthouse/log/log.go:233.2,233.24 1 1
github.com/markoxley/lighthouse/log/log.go:236.49,244.2 2 1
github.com/markoxley/lighthouse/log/log.go:246.48,254.2 2 1
github.com/markoxley/lighthouse/log/log.go:256.48,264.2 2 1
github.com/markoxley/lighthouse/log/log.go:266.49,274.2 2 1
github.com/markoxley/lighthouse/log/log.go:276.49,280.9 3 1
github.com/markoxley/lighthouse/log/log.go:281.31,281.31 0 1
github.com/markoxley/lighthouse/log/log.go:283.10,286.13 2 1
github.com/markoxley/lighthouse/log/log.go:290.49,294.9 3 1
github.com/markoxley/lighthouse/log/log.go:295.31,295.31 0 1
github.com/markoxley/lighthouse/log/log.go:297.10,300.13 2 1
github.com/markoxley/lighthouse/log/log.go:304.50,306.2 1 1
github.com/markoxley/lighthouse/log/log.go:308.49,310.2 1 1
github.com/markoxley/lighthouse/log/log.go:312.49,314.2 1 1
github.com/markoxley/lighthouse/log/log.go:316.50,318.2 1 1
github.com/markoxley/lighthouse/log/log.go:320.50,322.2 1 1
github.com/markoxley/lighthouse/log/log.go:324.50,326.2 1 1
github.com/markoxley/lighthouse/log/log.go:328.14,331.2 2 1
github.com/markoxley/lighthouse/log/log.go:333.69,334.16 1 1
github.com/markoxley/lighthouse/log/log.go:335.19,336.80 1 1
github.com/markoxley/lighthouse/log/log.go:337.23,338.92 1 1
github.com/markoxley/lighthouse/log/log.go:339.18,340.77 1 1
github.com/markoxley/lighthouse/log/log.go:341.18,342.77 1 1
github.com/markoxley/lighthouse/log/log.go:343.19,344.80 1 1
github.com/markoxley/lighthouse/log/log.go:345.10,346.61 1 1
github.com/markoxley/lighthouse/log/log.go:350.44,354.2 3 1
